

================================================================
== Synthesis Summary Report of 'loop_imperfect'
================================================================
+ General Information: 
    * Date:           Fri Aug 13 20:02:56 2021
    * Version:        2020.2 (Build 3064766 on Wed Nov 18 09:12:45 MST 2020)
    * Project:        loop_imperfect_prj
    * Solution:       solution1 (Vivado IP Flow Target)
    * Product family: zynq
    * Target device:  xc7z020-clg400-1
    

+ Performance & Resource Estimates: 
    
    PS: '+' for module; 'o' for loop; '*' for dataflow
    +------------------+------+-------+---------+-----------+----------+---------+------+----------+------+---------+-----------+-----------+-----+
    |      Modules     | Issue|       | Latency |  Latency  | Iteration|         | Trip |          |      |         |           |           |     |
    |      & Loops     | Type | Slack | (cycles)|    (ns)   |  Latency | Interval| Count| Pipelined| BRAM |   DSP   |     FF    |    LUT    | URAM|
    +------------------+------+-------+---------+-----------+----------+---------+------+----------+------+---------+-----------+-----------+-----+
    |+ loop_imperfect  |     -|  -3.10|      601|  6.010e+03|         -|      602|     -|        no|     -|  2 (~0%)|  129 (~0%)|  277 (~0%)|    -|
    | o LOOP_I         |     -|  -7.30|      600|  6.000e+03|        30|        -|    20|        no|     -|        -|          -|          -|    -|
    |  o LOOP_J        |     -|  -7.30|       23|    230.000|         5|        1|    20|       yes|     -|        -|          -|          -|    -|
    +------------------+------+-------+---------+-----------+----------+---------+------+----------+------+---------+-----------+-----------+-----+

