

================================================================
== Vitis HLS Report for 'loop_max_bounds'
================================================================
* Date:           Mon Aug 16 21:57:59 2021

* Version:        2020.2 (Build 3064766 on Wed Nov 18 09:12:45 MST 2020)
* Project:        loop_max_bounds_prj
* Solution:       solution2 (Vivado IP Flow Target)
* Product family: zynq
* Target device:  xc7z020-clg400-1


================================================================
== Performance Estimates
================================================================
+ Timing: 
    * Summary: 
    +--------+----------+----------+------------+
    |  Clock |  Target  | Estimated| Uncertainty|
    +--------+----------+----------+------------+
    |ap_clk  |  10.00 ns|  7.250 ns|     2.70 ns|
    +--------+----------+----------+------------+

+ Latency: 
    * Summary: 
    +---------+---------+----------+----------+-----+-----+---------+
    |  Latency (cycles) |  Latency (absolute) |  Interval | Pipeline|
    |   min   |   max   |    min   |    max   | min | max |   Type  |
    +---------+---------+----------+----------+-----+-----+---------+
    |       16|       16|  0.160 us|  0.160 us|   16|   16|      yes|
    +---------+---------+----------+----------+-----+-----+---------+

    + Detail: 
        * Instance: 
        N/A

        * Loop: 
        N/A



================================================================
== Utilization Estimates
================================================================
* Summary: 
+-----------------+---------+-----+--------+-------+-----+
|       Name      | BRAM_18K| DSP |   FF   |  LUT  | URAM|
+-----------------+---------+-----+--------+-------+-----+
|DSP              |        -|    -|       -|      -|    -|
|Expression       |        -|    -|       0|   1037|    -|
|FIFO             |        -|    -|       -|      -|    -|
|Instance         |        -|    -|       -|      -|    -|
|Memory           |        -|    -|       -|      -|    -|
|Multiplexer      |        -|    -|       -|    245|    -|
|Register         |        -|    -|     209|      -|    -|
+-----------------+---------+-----+--------+-------+-----+
|Total            |        0|    0|     209|   1282|    0|
+-----------------+---------+-----+--------+-------+-----+
|Available        |      280|  220|  106400|  53200|    0|
+-----------------+---------+-----+--------+-------+-----+
|Utilization (%)  |        0|    0|      ~0|      2|    0|
+-----------------+---------+-----+--------+-------+-----+

+ Detail: 
    * Instance: 
    N/A

    * DSP: 
    N/A

    * Memory: 
    N/A

    * FIFO: 
    N/A

    * Expression: 
    +----------------------------+----------+----+---+----+------------+------------+
    |        Variable Name       | Operation| DSP| FF| LUT| Bitwidth P0| Bitwidth P1|
    +----------------------------+----------+----+---+----+------------+------------+
    |add_ln691_10_fu_763_p2      |         +|   0|  0|  12|          12|          12|
    |add_ln691_11_fu_786_p2      |         +|   0|  0|  12|          12|          12|
    |add_ln691_12_fu_807_p2      |         +|   0|  0|  12|          12|          12|
    |add_ln691_13_fu_830_p2      |         +|   0|  0|  12|          12|          12|
    |add_ln691_14_fu_846_p2      |         +|   0|  0|  12|          12|          12|
    |add_ln691_15_fu_871_p2      |         +|   0|  0|  14|          13|          13|
    |add_ln691_16_fu_894_p2      |         +|   0|  0|  14|          13|          13|
    |add_ln691_17_fu_917_p2      |         +|   0|  0|  14|          13|          13|
    |add_ln691_18_fu_938_p2      |         +|   0|  0|  14|          13|          13|
    |add_ln691_19_fu_961_p2      |         +|   0|  0|  14|          13|          13|
    |add_ln691_1_fu_566_p2       |         +|   0|  0|  13|          10|          10|
    |add_ln691_20_fu_982_p2      |         +|   0|  0|  14|          13|          13|
    |add_ln691_21_fu_1005_p2     |         +|   0|  0|  14|          13|          13|
    |add_ln691_22_fu_1026_p2     |         +|   0|  0|  14|          13|          13|
    |add_ln691_23_fu_1049_p2     |         +|   0|  0|  14|          13|          13|
    |add_ln691_24_fu_1070_p2     |         +|   0|  0|  14|          13|          13|
    |add_ln691_25_fu_1093_p2     |         +|   0|  0|  14|          13|          13|
    |add_ln691_26_fu_1114_p2     |         +|   0|  0|  14|          13|          13|
    |add_ln691_27_fu_1147_p2     |         +|   0|  0|  14|          13|          13|
    |add_ln691_28_fu_1162_p2     |         +|   0|  0|  14|          13|          13|
    |add_ln691_29_fu_1179_p2     |         +|   0|  0|  14|          13|          13|
    |add_ln691_2_fu_584_p2       |         +|   0|  0|  13|          10|          10|
    |add_ln691_3_fu_609_p2       |         +|   0|  0|  12|          11|          11|
    |add_ln691_4_fu_632_p2       |         +|   0|  0|  12|          11|          11|
    |add_ln691_5_fu_655_p2       |         +|   0|  0|  12|          11|          11|
    |add_ln691_6_fu_671_p2       |         +|   0|  0|  12|          11|          11|
    |add_ln691_7_fu_696_p2       |         +|   0|  0|  12|          12|          12|
    |add_ln691_8_fu_719_p2       |         +|   0|  0|  12|          12|          12|
    |add_ln691_9_fu_742_p2       |         +|   0|  0|  12|          12|          12|
    |add_ln691_fu_500_p2         |         +|   0|  0|  14|           9|           9|
    |icmp_ln878_10_fu_733_p2     |      icmp|   0|  0|   9|           5|           4|
    |icmp_ln878_11_fu_754_p2     |      icmp|   0|  0|   9|           5|           4|
    |icmp_ln878_12_fu_777_p2     |      icmp|   0|  0|   9|           5|           4|
    |icmp_ln878_13_fu_798_p2     |      icmp|   0|  0|   9|           5|           4|
    |icmp_ln878_14_fu_821_p2     |      icmp|   0|  0|   9|           5|           4|
    |icmp_ln878_15_fu_862_p2     |      icmp|   0|  0|  10|           5|           6|
    |icmp_ln878_16_fu_885_p2     |      icmp|   0|  0|   9|           5|           5|
    |icmp_ln878_17_fu_908_p2     |      icmp|   0|  0|   9|           5|           5|
    |icmp_ln878_18_fu_929_p2     |      icmp|   0|  0|   9|           5|           5|
    |icmp_ln878_19_fu_952_p2     |      icmp|   0|  0|   9|           5|           5|
    |icmp_ln878_1_fu_490_p2      |      icmp|   0|  0|   9|           4|           1|
    |icmp_ln878_20_fu_973_p2     |      icmp|   0|  0|   9|           5|           5|
    |icmp_ln878_21_fu_996_p2     |      icmp|   0|  0|   9|           5|           5|
    |icmp_ln878_22_fu_1017_p2    |      icmp|   0|  0|   9|           5|           5|
    |icmp_ln878_23_fu_1040_p2    |      icmp|   0|  0|   9|           5|           5|
    |icmp_ln878_24_fu_1061_p2    |      icmp|   0|  0|   9|           5|           4|
    |icmp_ln878_25_fu_1084_p2    |      icmp|   0|  0|   9|           5|           4|
    |icmp_ln878_26_fu_1105_p2    |      icmp|   0|  0|   9|           5|           4|
    |icmp_ln878_27_fu_1128_p2    |      icmp|   0|  0|   9|           5|           4|
    |icmp_ln878_28_fu_1133_p2    |      icmp|   0|  0|   9|           5|           3|
    |icmp_ln878_29_fu_1138_p2    |      icmp|   0|  0|   9|           5|           2|
    |icmp_ln878_2_fu_557_p2      |      icmp|   0|  0|   9|           5|           2|
    |icmp_ln878_3_fu_524_p2      |      icmp|   0|  0|   8|           3|           1|
    |icmp_ln878_4_fu_600_p2      |      icmp|   0|  0|   9|           5|           3|
    |icmp_ln878_5_fu_623_p2      |      icmp|   0|  0|   9|           5|           3|
    |icmp_ln878_6_fu_646_p2      |      icmp|   0|  0|   9|           5|           3|
    |icmp_ln878_7_fu_540_p2      |      icmp|   0|  0|   8|           2|           1|
    |icmp_ln878_8_fu_687_p2      |      icmp|   0|  0|   9|           5|           4|
    |icmp_ln878_9_fu_710_p2      |      icmp|   0|  0|   9|           5|           4|
    |icmp_ln878_fu_462_p2        |      icmp|   0|  0|   9|           5|           1|
    |ap_return                   |    select|   0|  0|  13|           1|          13|
    |select_ln878_10_fu_747_p3   |    select|   0|  0|  12|           1|          12|
    |select_ln878_11_fu_769_p3   |    select|   0|  0|  12|           1|          12|
    |select_ln878_12_fu_791_p3   |    select|   0|  0|  12|           1|          12|
    |select_ln878_13_fu_813_p3   |    select|   0|  0|  12|           1|          12|
    |select_ln878_14_fu_835_p3   |    select|   0|  0|  12|           1|          12|
    |select_ln878_15_fu_852_p3   |    select|   0|  0|  12|           1|          12|
    |select_ln878_16_fu_877_p3   |    select|   0|  0|  13|           1|          13|
    |select_ln878_17_fu_900_p3   |    select|   0|  0|  13|           1|          13|
    |select_ln878_18_fu_922_p3   |    select|   0|  0|  13|           1|          13|
    |select_ln878_19_fu_944_p3   |    select|   0|  0|  13|           1|          13|
    |select_ln878_1_fu_506_p3    |    select|   0|  0|   9|           1|           9|
    |select_ln878_20_fu_966_p3   |    select|   0|  0|  13|           1|          13|
    |select_ln878_21_fu_988_p3   |    select|   0|  0|  13|           1|          13|
    |select_ln878_22_fu_1010_p3  |    select|   0|  0|  13|           1|          13|
    |select_ln878_23_fu_1032_p3  |    select|   0|  0|  13|           1|          13|
    |select_ln878_24_fu_1054_p3  |    select|   0|  0|  13|           1|          13|
    |select_ln878_25_fu_1076_p3  |    select|   0|  0|  13|           1|          13|
    |select_ln878_26_fu_1098_p3  |    select|   0|  0|  13|           1|          13|
    |select_ln878_27_fu_1120_p3  |    select|   0|  0|  13|           1|          13|
    |select_ln878_28_fu_1152_p3  |    select|   0|  0|  13|           1|          13|
    |select_ln878_29_fu_1168_p3  |    select|   0|  0|  13|           1|          13|
    |select_ln878_2_fu_572_p3    |    select|   0|  0|  10|           1|          10|
    |select_ln878_3_fu_590_p3    |    select|   0|  0|  10|           1|          10|
    |select_ln878_4_fu_615_p3    |    select|   0|  0|  11|           1|          11|
    |select_ln878_5_fu_638_p3    |    select|   0|  0|  11|           1|          11|
    |select_ln878_6_fu_660_p3    |    select|   0|  0|  11|           1|          11|
    |select_ln878_7_fu_677_p3    |    select|   0|  0|  11|           1|          11|
    |select_ln878_8_fu_702_p3    |    select|   0|  0|  12|           1|          12|
    |select_ln878_9_fu_725_p3    |    select|   0|  0|  12|           1|          12|
    |select_ln878_fu_468_p3      |    select|   0|  0|   8|           1|           1|
    |ap_enable_pp0               |       xor|   0|  0|   2|           1|           2|
    +----------------------------+----------+----+---+----+------------+------------+
    |Total                       |          |   0|  0|1037|         540|         841|
    +----------------------------+----------+----+---+----+------------+------------+

    * Multiplexer: 
    +-------------------------+----+-----------+-----+-----------+
    |           Name          | LUT| Input Size| Bits| Total Bits|
    +-------------------------+----+-----------+-----+-----------+
    |A_address0               |  81|         17|    5|         85|
    |A_address1               |  65|         16|    5|         80|
    |ap_NS_fsm                |  81|         17|    1|         17|
    |ap_enable_reg_pp0_iter0  |   9|          2|    1|          2|
    |ap_enable_reg_pp0_iter1  |   9|          2|    1|          2|
    +-------------------------+----+-----------+-----+-----------+
    |Total                    | 245|         54|   13|        186|
    +-------------------------+----+-----------+-----+-----------+

    * Register: 
    +-----------------------------+----+----+-----+-----------+
    |             Name            | FF | LUT| Bits| Const Bits|
    +-----------------------------+----+----+-----+-----------+
    |ap_CS_fsm                    |  16|   0|   16|          0|
    |ap_enable_reg_pp0_iter0_reg  |   1|   0|    1|          0|
    |ap_enable_reg_pp0_iter1      |   1|   0|    1|          0|
    |icmp_ln878_27_reg_1455       |   1|   0|    1|          0|
    |icmp_ln878_28_reg_1465       |   1|   0|    1|          0|
    |icmp_ln878_29_reg_1475       |   1|   0|    1|          0|
    |icmp_ln878_3_reg_1240        |   1|   0|    1|          0|
    |icmp_ln878_7_reg_1250        |   1|   0|    1|          0|
    |select_ln878_11_reg_1322     |  12|   0|   12|          0|
    |select_ln878_13_reg_1338     |  12|   0|   12|          0|
    |select_ln878_15_reg_1354     |  12|   0|   12|          0|
    |select_ln878_17_reg_1369     |  13|   0|   13|          0|
    |select_ln878_19_reg_1385     |  13|   0|   13|          0|
    |select_ln878_1_reg_1230      |   9|   0|    9|          0|
    |select_ln878_21_reg_1401     |  13|   0|   13|          0|
    |select_ln878_23_reg_1417     |  13|   0|   13|          0|
    |select_ln878_25_reg_1433     |  13|   0|   13|          0|
    |select_ln878_27_reg_1449     |  13|   0|   13|          0|
    |select_ln878_29_reg_1480     |  13|   0|   13|          0|
    |select_ln878_3_reg_1260      |  10|   0|   10|          0|
    |select_ln878_5_reg_1275      |  11|   0|   11|          0|
    |select_ln878_7_reg_1291      |  11|   0|   11|          0|
    |select_ln878_9_reg_1306      |  12|   0|   12|          0|
    |tmp_3_reg_1255               |   1|   0|    1|          0|
    |width_read_reg_1200          |   5|   0|    5|          0|
    +-----------------------------+----+----+-----+-----------+
    |Total                        | 209|   0|  209|          0|
    +-----------------------------+----+----+-----+-----------+



================================================================
== Interface
================================================================
* Summary: 
+------------+-----+-----+------------+-----------------+--------------+
|  RTL Ports | Dir | Bits|  Protocol  |  Source Object  |    C Type    |
+------------+-----+-----+------------+-----------------+--------------+
|ap_clk      |   in|    1|  ap_ctrl_hs|  loop_max_bounds|  return value|
|ap_rst      |   in|    1|  ap_ctrl_hs|  loop_max_bounds|  return value|
|ap_start    |   in|    1|  ap_ctrl_hs|  loop_max_bounds|  return value|
|ap_done     |  out|    1|  ap_ctrl_hs|  loop_max_bounds|  return value|
|ap_idle     |  out|    1|  ap_ctrl_hs|  loop_max_bounds|  return value|
|ap_ready    |  out|    1|  ap_ctrl_hs|  loop_max_bounds|  return value|
|ap_return   |  out|   13|  ap_ctrl_hs|  loop_max_bounds|  return value|
|A_address0  |  out|    5|   ap_memory|                A|         array|
|A_ce0       |  out|    1|   ap_memory|                A|         array|
|A_q0        |   in|    8|   ap_memory|                A|         array|
|A_address1  |  out|    5|   ap_memory|                A|         array|
|A_ce1       |  out|    1|   ap_memory|                A|         array|
|A_q1        |   in|    8|   ap_memory|                A|         array|
|width       |   in|    5|     ap_none|            width|        scalar|
+------------+-----+-----+------------+-----------------+--------------+

