

================================================================
== Vitis HLS Report for 'loop_perfect'
================================================================
* Date:           Fri Aug 13 20:05:56 2021

* Version:        2020.2 (Build 3064766 on Wed Nov 18 09:12:45 MST 2020)
* Project:        loop_imperfect_prj
* Solution:       solution2 (Vivado IP Flow Target)
* Product family: zynq
* Target device:  xc7z020-clg400-1


================================================================
== Performance Estimates
================================================================
+ Timing: 
    * Summary: 
    +--------+----------+----------+------------+
    |  Clock |  Target  | Estimated| Uncertainty|
    +--------+----------+----------+------------+
    |ap_clk  |  10.00 ns|  4.901 ns|     2.70 ns|
    +--------+----------+----------+------------+

+ Latency: 
    * Summary: 
    +---------+---------+----------+----------+-----+-----+---------+
    |  Latency (cycles) |  Latency (absolute) |  Interval | Pipeline|
    |   min   |   max   |    min   |    max   | min | max |   Type  |
    +---------+---------+----------+----------+-----+-----+---------+
    |      409|      409|  4.090 us|  4.090 us|  410|  410|     none|
    +---------+---------+----------+----------+-----+-----+---------+

    + Detail: 
        * Instance: 
        N/A

        * Loop: 
        +-----------------+---------+---------+----------+-----------+-----------+------+----------+
        |                 |  Latency (cycles) | Iteration|  Initiation Interval  | Trip |          |
        |    Loop Name    |   min   |   max   |  Latency |  achieved |   target  | Count| Pipelined|
        +-----------------+---------+---------+----------+-----------+-----------+------+----------+
        |- LOOP_I_LOOP_J  |      407|      407|         9|          1|          1|   400|       yes|
        +-----------------+---------+---------+----------+-----------+-----------+------+----------+



================================================================
== Utilization Estimates
================================================================
* Summary: 
+-----------------+---------+-----+--------+-------+-----+
|       Name      | BRAM_18K| DSP |   FF   |  LUT  | URAM|
+-----------------+---------+-----+--------+-------+-----+
|DSP              |        -|    2|       -|      -|    -|
|Expression       |        -|    -|       0|    162|    -|
|FIFO             |        -|    -|       -|      -|    -|
|Instance         |        -|    -|       -|      -|    -|
|Memory           |        -|    -|       -|      -|    -|
|Multiplexer      |        -|    -|       -|    111|    -|
|Register         |        -|    -|     518|    224|    -|
+-----------------+---------+-----+--------+-------+-----+
|Total            |        0|    2|     518|    497|    0|
+-----------------+---------+-----+--------+-------+-----+
|Available        |      280|  220|  106400|  53200|    0|
+-----------------+---------+-----+--------+-------+-----+
|Utilization (%)  |        0|   ~0|      ~0|     ~0|    0|
+-----------------+---------+-----+--------+-------+-----+

+ Detail: 
    * Instance: 
    N/A

    * DSP: 
    +----------------------------------+-------------------------------+--------------+
    |             Instance             |             Module            |  Expression  |
    +----------------------------------+-------------------------------+--------------+
    |mac_muladd_5ns_5s_12ns_12_4_1_U1  |mac_muladd_5ns_5s_12ns_12_4_1  |  i0 * i1 + i2|
    |mul_mul_12s_14ns_26_4_1_U2        |mul_mul_12s_14ns_26_4_1        |       i0 * i1|
    +----------------------------------+-------------------------------+--------------+

    * Memory: 
    N/A

    * FIFO: 
    N/A

    * Expression: 
    +---------------------------+----------+----+---+----+------------+------------+
    |       Variable Name       | Operation| DSP| FF| LUT| Bitwidth P0| Bitwidth P1|
    +---------------------------+----------+----+---+----+------------+------------+
    |add_ln23_1_fu_214_p2       |         +|   0|  0|  13|           5|           1|
    |add_ln23_fu_144_p2         |         +|   0|  0|  14|           9|           1|
    |add_ln24_fu_181_p2         |         +|   0|  0|  13|           5|           1|
    |sub_ln1364_1_fu_280_p2     |         -|   0|  0|  14|           1|           6|
    |sub_ln1364_fu_248_p2       |         -|   0|  0|  32|           1|          25|
    |ap_condition_392           |       and|   0|  0|   2|           1|           1|
    |icmp_ln23_fu_150_p2        |      icmp|   0|  0|  11|           9|           8|
    |icmp_ln24_fu_156_p2        |      icmp|   0|  0|   9|           5|           5|
    |icmp_ln25_fu_201_p2        |      icmp|   0|  0|   9|           5|           1|
    |icmp_ln27_fu_175_p2        |      icmp|   0|  0|   9|           5|           5|
    |grp_fu_301_p2              |    select|   0|  0|  12|           1|           1|
    |select_ln1364_1_fu_291_p3  |    select|   0|  0|   6|           1|           6|
    |select_ln1364_fu_273_p3    |    select|   0|  0|   6|           1|           6|
    |select_ln23_1_fu_220_p3    |    select|   0|  0|   5|           1|           5|
    |select_ln23_fu_162_p3      |    select|   0|  0|   5|           1|           1|
    |ap_enable_pp0              |       xor|   0|  0|   2|           1|           2|
    +---------------------------+----------+----+---+----+------------+------------+
    |Total                      |          |   0|  0| 162|          52|          75|
    +---------------------------+----------+----+---+----+------------+------------+

    * Multiplexer: 
    +-------------------------------+----+-----------+-----+-----------+
    |              Name             | LUT| Input Size| Bits| Total Bits|
    +-------------------------------+----+-----------+-----+-----------+
    |B_address0                     |  14|          3|    5|         15|
    |B_d0                           |  14|          3|    8|         24|
    |ap_NS_fsm                      |  20|          4|    1|          4|
    |ap_enable_reg_pp0_iter5        |   9|          2|    1|          2|
    |ap_enable_reg_pp0_iter8        |   9|          2|    1|          2|
    |ap_phi_mux_i_phi_fu_137_p4     |   9|          2|    5|         10|
    |ap_sig_allocacmp_acc_V_1_load  |   9|          2|   12|         24|
    |i_reg_133                      |   9|          2|    5|         10|
    |indvar_flatten_reg_111         |   9|          2|    9|         18|
    |j_reg_122                      |   9|          2|    5|         10|
    +-------------------------------+----+-----------+-----+-----------+
    |Total                          | 111|         24|   52|        119|
    +-------------------------------+----+-----------+-----+-----------+

    * Register: 
    +-------------------------+----+----+-----+-----------+
    |           Name          | FF | LUT| Bits| Const Bits|
    +-------------------------+----+----+-----+-----------+
    |acc_V_1_fu_72            |  12|   0|   12|          0|
    |ap_CS_fsm                |   3|   0|    3|          0|
    |ap_enable_reg_pp0_iter0  |   1|   0|    1|          0|
    |ap_enable_reg_pp0_iter1  |   1|   0|    1|          0|
    |ap_enable_reg_pp0_iter2  |   1|   0|    1|          0|
    |ap_enable_reg_pp0_iter3  |   1|   0|    1|          0|
    |ap_enable_reg_pp0_iter4  |   1|   0|    1|          0|
    |ap_enable_reg_pp0_iter5  |   1|   0|    1|          0|
    |ap_enable_reg_pp0_iter6  |   1|   0|    1|          0|
    |ap_enable_reg_pp0_iter7  |   1|   0|    1|          0|
    |ap_enable_reg_pp0_iter8  |   1|   0|    1|          0|
    |i_reg_133                |   5|   0|    5|          0|
    |icmp_ln23_reg_331        |   1|   0|    1|          0|
    |icmp_ln24_reg_335        |   1|   0|    1|          0|
    |icmp_ln27_reg_351        |   1|   0|    1|          0|
    |indvar_flatten_reg_111   |   9|   0|    9|          0|
    |j_reg_122                |   5|   0|    5|          0|
    |select_ln23_1_reg_375    |   5|   0|    5|          0|
    |select_ln23_reg_340      |   5|   0|    5|          0|
    |sub_ln1364_1_reg_401     |   6|   0|    6|          0|
    |tmp_2_reg_396            |   6|   0|    6|          0|
    |tmp_reg_390              |   1|   0|    1|          0|
    |trunc_ln23_reg_381       |   1|   0|    1|          0|
    |icmp_ln23_reg_331        |  64|  32|    1|          0|
    |icmp_ln24_reg_335        |  64|  32|    1|          0|
    |icmp_ln27_reg_351        |  64|  32|    1|          0|
    |select_ln23_1_reg_375    |  64|  32|    5|          0|
    |select_ln23_reg_340      |  64|  32|    5|          0|
    |tmp_reg_390              |  64|  32|    1|          0|
    |trunc_ln23_reg_381       |  64|  32|    1|          0|
    +-------------------------+----+----+-----+-----------+
    |Total                    | 518| 224|   85|          0|
    +-------------------------+----+----+-----+-----------+



================================================================
== Interface
================================================================
* Summary: 
+------------+-----+-----+------------+--------------+--------------+
|  RTL Ports | Dir | Bits|  Protocol  | Source Object|    C Type    |
+------------+-----+-----+------------+--------------+--------------+
|ap_clk      |   in|    1|  ap_ctrl_hs|  loop_perfect|  return value|
|ap_rst      |   in|    1|  ap_ctrl_hs|  loop_perfect|  return value|
|ap_start    |   in|    1|  ap_ctrl_hs|  loop_perfect|  return value|
|ap_done     |  out|    1|  ap_ctrl_hs|  loop_perfect|  return value|
|ap_idle     |  out|    1|  ap_ctrl_hs|  loop_perfect|  return value|
|ap_ready    |  out|    1|  ap_ctrl_hs|  loop_perfect|  return value|
|A_address0  |  out|    5|   ap_memory|             A|         array|
|A_ce0       |  out|    1|   ap_memory|             A|         array|
|A_q0        |   in|    8|   ap_memory|             A|         array|
|B_address0  |  out|    5|   ap_memory|             B|         array|
|B_ce0       |  out|    1|   ap_memory|             B|         array|
|B_we0       |  out|    1|   ap_memory|             B|         array|
|B_d0        |  out|    8|   ap_memory|             B|         array|
+------------+-----+-----+------------+--------------+--------------+

