

================================================================
== Synthesis Summary Report of 'loop_pipeline'
================================================================
+ General Information: 
    * Date:           Mon Aug  2 08:39:40 2021
    * Version:        2020.2 (Build 3064766 on Wed Nov 18 09:12:45 MST 2020)
    * Project:        loop_pipe_prj
    * Solution:       solution1 (Vivado IP Flow Target)
    * Product family: zynq
    * Target device:  xc7z020-clg400-1
    

+ Performance & Resource Estimates: 
    
    PS: '+' for module; 'o' for loop; '*' for dataflow
    +------------------+------+-------+---------+-----------+----------+---------+------+----------+------+---------+-----------+-----------+-----+
    |      Modules     | Issue|       | Latency |  Latency  | Iteration|         | Trip |          |      |         |           |           |     |
    |      & Loops     | Type | Slack | (cycles)|    (ns)   |  Latency | Interval| Count| Pipelined| BRAM |   DSP   |     FF    |    LUT    | URAM|
    +------------------+------+-------+---------+-----------+----------+---------+------+----------+------+---------+-----------+-----------+-----+
    |+ loop_pipeline   |     -|  -2.40|      405|  4.050e+03|         -|      406|     -|        no|     -|  1 (~0%)|  137 (~0%)|  196 (~0%)|    -|
    | o LOOP_I_LOOP_J  |     -|  -7.30|      403|  4.030e+03|         5|        1|   400|       yes|     -|        -|          -|          -|    -|
    +------------------+------+-------+---------+-----------+----------+---------+------+----------+------+---------+-----------+-----------+-----+

