

================================================================
== Synthesis Summary Report of 'loop_variable_bounds'
================================================================
+ General Information: 
    * Date:           Mon Aug 16 21:46:12 2021
    * Version:        2020.2 (Build 3064766 on Wed Nov 18 09:12:45 MST 2020)
    * Project:        loop_max_bounds_prj
    * Solution:       solution1 (Vivado IP Flow Target)
    * Product family: zynq
    * Target device:  xc7z020-clg400-1
    

+ Performance & Resource Estimates: 
    
    PS: '+' for module; 'o' for loop; '*' for dataflow
    +------------------------+------+-------+---------+--------+----------+---------+------+----------+------+----+----------+----------+-----+
    |         Modules        | Issue|       | Latency | Latency| Iteration|         | Trip |          |      |    |          |          |     |
    |         & Loops        | Type | Slack | (cycles)|  (ns)  |  Latency | Interval| Count| Pipelined| BRAM | DSP|    FF    |    LUT   | URAM|
    +------------------------+------+-------+---------+--------+----------+---------+------+----------+------+----+----------+----------+-----+
    |+ loop_variable_bounds  |     -|  -3.30|        -|       -|         -|        -|     -|        no|     -|   -|  26 (~0%)|  74 (~0%)|    -|
    | o LOOP_X               |     -|  -7.30|        -|       -|         2|        -|     -|        no|     -|   -|         -|         -|    -|
    +------------------------+------+-------+---------+--------+----------+---------+------+----------+------+----+----------+----------+-----+

